  console.log
    EndDate after transform: Invalid Date

      at Object.<anonymous> (modules/contracts/reproduce_issue.spec.ts:101:17)

  console.log
    Validation Errors: [
      {
        "target": {
          "buildingId": "6965be2ee950f0f630a6533b",
          "roomId": "6965be30e950f0f630a65d4a",
          "tenantId": "6965be31e950f0f630a65ffb",
          "startDate": "2026-01-13T00:00:00.000Z",
          "endDate": null,
          "roomType": "SHORT_TERM",
          "shortTermPricingType": "DAILY",
          "rentPrice": 5369282.19,
          "electricityPrice": 3500,
          "waterPrice": 20000,
          "pricePerHour": 0,
          "fixedPrice": 0,
          "shortTermPrices": [
            {
              "fromValue": 0,
              "toValue": 3,
              "price": 300000
            },
            {
              "fromValue": 3,
              "toValue": 4,
              "price": 300000
            },
            {
              "fromValue": 4,
              "toValue": 5,
              "price": 300000
            },
            {
              "fromValue": 5,
              "toValue": -1,
              "price": 300000
            }
          ],
          "depositAmount": 500000,
          "paymentCycle": "MONTHLY",
          "paymentDueDay": 1,
          "initialElectricIndex": 0,
          "initialWaterIndex": 0,
          "serviceCharges": [
            {
              "name": "─Éiß╗çn Vida Extension",
              "amount": 169257.65,
              "quantity": 2,
              "isRecurring": true,
              "isPredefined": true,
              "serviceId": "6965be2ee950f0f630a65376"
            }
          ]
        },
        "value": null,
        "property": "endDate",
        "children": [],
        "constraints": {
          "isDate": "endDate must be a Date instance"
        }
      }
    ]

      at Object.<anonymous> (modules/contracts/reproduce_issue.spec.ts:105:21)

npx : (node:19044) [MONGOOSE] 
Warning: Duplicate schema index 
on {"roomCode":1} found. This is 
often due to declaring an index 
using both "index: true" and 
"schema.index()". Please remove 
the duplicate index definition.
At line:1 char:1
+ npx jest src/modules/contracts/r
eproduce_issue.spec.ts --config 
jest- ...
+ ~~~~~~~~~~~~~~~~~~~~~~~~~~~~~~~~
~~~~~~~~~~~~~~~~~~~~~~~~~~~~~~~~~~
~~~
    + CategoryInfo          : Not 
   Specified: ((node:19044) [M..  
  .dex definition.:String) [],    
 RemoteException
    + FullyQualifiedErrorId : Nat 
   iveCommandError
 
(Use `node --trace-warnings ...` 
to show where the warning was 
created)
(node:19044) [MONGOOSE] Warning: 
Duplicate schema index on 
{"tenantId":1} found. This is 
often due to declaring an index 
using both "index: true" and 
"schema.index()". Please remove 
the duplicate index definition.
(node:19044) [MONGOOSE] Warning: 
Duplicate schema index on 
{"code":1} found. This is often 
due to declaring an index using 
both "index: true" and 
"schema.index()". Please remove 
the duplicate index definition.
(node:19044) [MONGOOSE] Warning: 
Duplicate schema index on 
{"idCard":1} found. This is often 
due to declaring an index using 
both "index: true" and 
"schema.index()". Please remove 
the duplicate index definition.
(node:19044) [MONGOOSE] Warning: 
Duplicate schema index on 
{"phone":1} found. This is often 
due to declaring an index using 
both "index: true" and 
"schema.index()". Please remove 
the duplicate index definition.
(node:19044) [MONGOOSE] Warning: 
Duplicate schema index on 
{"code":1} found. This is often 
due to declaring an index using 
both "index: true" and 
"schema.index()". Please remove 
the duplicate index definition.
FAIL src/modules/contracts/reprodu
ce_issue.spec.ts
  ContractsService Reproduction
    ├ù should validate and create 
contract successfully (31 ms)

  ΓùÅ ContractsService 
Reproduction ΓÇ║ should validate 
and create contract successfully

    DTO Validation failed

    [0m [90m 104 |[39m         
[36mif[39m 
(errors[33m.[39mlength 
[33m>[39m [35m0[39m) {
     [90m 105 |[39m             
console[33m.[39mlog([32m'Valida
tion Errors:'[39m[33m,[39m [33
mJSON[39m[33m.[39mstringify(err
ors[33m,[39m 
[36mnull[39m[33m,[39m 
[35m2[39m))[33m;[39m
    [31m[1m>[22m[39m[90m 106 
|[39m             
[36mthrow[39m [36mnew[39m 
[33mError[39m([32m'DTO 
Validation 
failed'[39m)[33m;[39m
     [90m     |[39m             
      [31m[1m^[22m[39m
     [90m 107 |[39m         }
     [90m 108 |[39m
     [90m 109 |[39m         
[90m// 2. Service Logic 
Validation[39m[0m

      at Object.<anonymous> (modul
es/contracts/reproduce_issue.spec.
ts:106:19)

Test Suites: 1 failed, 1 total
Tests:       1 failed, 1 total
Snapshots:   0 total
Time:        3.055 s, estimated 5 
s
Ran all test suites matching /src\
\modules\\contracts\\reproduce_iss
ue.spec.ts/i.
